// Jest Snapshot v1, https://goo.gl/fbAQLP

exports[`<App /> renders without crashing 1`] = `
<div
  className="Card"
>
  <h3 />
  <p />
</div>
`;
